// Jest Snapshot v1, https://goo.gl/fbAQLP

exports[`components/inline-error/InlineError should correctly render 1`] = `
<div
  class="some-class inline-alert inline-alert-visible inline-alert-error"
>
  <strong>
    this is the title
  </strong>
  <div>
    this is a message to put in the notice
  </div>
</div>
`;
