// Jest Snapshot v1, https://goo.gl/fbAQLP

exports[`components/ContentSidebar/ActivityFeed/comment/InlineDelete should correctly render comment 1`] = `
<div
  className="bcs-comment-delete-container"
>
  <Flyout
    className=""
    closeOnClick={true}
    closeOnClickOutside={true}
    constrainToScrollParent={true}
    constrainToWindow={false}
    isVisibleByDefault={false}
    onClose={[Function]}
    onOpen={[Function]}
    portaledClasses={Array []}
    position="middle-left"
  >
    <PlainButton
      className="bcs-comment-delete"
    >
      <IconTrash />
    </PlainButton>
    <Overlay>
      <b>
        test
      </b>
      <div>
        <PlainButton
          className="lnk bcs-comment-delete-yes"
          onClick={[Function]}
          type="button"
        >
          <FormattedMessage
            defaultMessage="Yes"
            id="be.commentDeleteConfirm"
          />
        </PlainButton>
         / 
        <PlainButton
          className="lnk bcs-comment-delete-no"
          type="button"
        >
          <FormattedMessage
            defaultMessage="No"
            id="be.commentDeleteCancel"
          />
        </PlainButton>
      </div>
    </Overlay>
  </Flyout>
</div>
`;
