// Jest Snapshot v1, https://goo.gl/fbAQLP

exports[`elements/common/async-load/AsyncLoad should load the lazy component 1`] = `
<Suspense
  component={[Function]}
  fallback={null}
>
  <lazy
    foo="bar"
  />
</Suspense>
`;
