// Jest Snapshot v1, https://goo.gl/fbAQLP

exports[`elements/ErrorBoundary render() should render the wrapped component when no error is thrown 1`] = `
<WrappedComponent
  onError={[Function]}
/>
`;
