// Jest Snapshot v1, https://goo.gl/fbAQLP

exports[`elements/content-sidebar/Skills/Keywords/ReadOnlyKeywords should correctly render timeline with keyword selected 1`] = `
<Fragment>
  <PillCloud
    buttonProps={
      {
        "data-resin-target": "skill-keywordselect",
      }
    }
    onSelect={[Function]}
    options={
      [
        {
          "displayText": "foo",
          "value": 0,
        },
        {
          "displayText": "bar",
          "value": 1,
        },
      ]
    }
  />
</Fragment>
`;

exports[`elements/content-sidebar/Skills/Keywords/ReadOnlyKeywords should correctly render with no keyword selected 1`] = `
<Fragment>
  <PillCloud
    buttonProps={
      {
        "data-resin-target": "skill-keywordselect",
      }
    }
    onSelect={[Function]}
    options={
      [
        {
          "displayText": "foo",
          "value": 0,
        },
        {
          "displayText": "bar",
          "value": 1,
        },
      ]
    }
  />
</Fragment>
`;
