// Jest Snapshot v1, https://goo.gl/fbAQLP

exports[`features/metadata-view/components/DateCell should render 1`] = `
<div
  className="cell-container"
>
  <span>
    February 2016
  </span>
</div>
`;
