// Jest Snapshot v1, https://goo.gl/fbAQLP

exports[`features/metadata-view/components/IntegerCell should render 1`] = `
<div
  className="cell-container"
>
  <span>
    3
  </span>
</div>
`;
