// Jest Snapshot v1, https://goo.gl/fbAQLP

exports[`elements/common/logger/Logger render() should decorate with logger prop 1`] = `
<WrappedComponent
  fileId="123"
  logger={
    Object {
      "onPreviewMetric": [Function],
      "onReadyMetric": [Function],
    }
  }
  source="foo"
/>
`;
