// Jest Snapshot v1, https://goo.gl/fbAQLP

exports[`components/core/collapsible-sidebar/__tests__/CollapsibleSidebarMenuItem matches snapshot 1`] = `
<CollapsibleSidebarMenuItem
  className="foo"
  icon="bold"
  text="bar"
>
  <Tooltip
    className="bdl-CollapsibleSidebar-menuItemToolTip"
    constrainToScrollParent={false}
    constrainToWindow={true}
    isDisabled={true}
    isTabbable={false}
    position="middle-right"
    text="bar"
    theme="default"
  >
    <CollapsibleSidebarMenuItem__StyledMenuItem
      className="bdl-CollapsibleSidebar-menuItem foo"
    >
      <div
        className="CollapsibleSidebarMenuItem__StyledMenuItem-sc-1fmdq8m-0 cQLRdi bdl-CollapsibleSidebar-menuItem foo"
      >
        <CollapsibleSidebarMenuItem__StyledLink
          className="bdl-CollapsibleSidebar-menuItemLink show-overflowAction"
        >
          <a
            className="CollapsibleSidebarMenuItem__StyledLink-sc-1fmdq8m-3 OZzby bdl-CollapsibleSidebar-menuItemLink show-overflowAction"
          >
            <CollapsibleSidebarMenuItem__StyledIconWrapper
              className="bdl-CollapsibleSidebar-menuItemIcon"
            >
              <span
                className="CollapsibleSidebarMenuItem__StyledIconWrapper-sc-1fmdq8m-1 ivMWNp bdl-CollapsibleSidebar-menuItemIcon"
              >
                bold
              </span>
            </CollapsibleSidebarMenuItem__StyledIconWrapper>
            <CollapsibleSidebarMenuItem__StyledMenuItemLabel
              className="bdl-CollapsibleSidebar-menuItemLabel"
            >
              <span
                className="CollapsibleSidebarMenuItem__StyledMenuItemLabel-sc-1fmdq8m-2 khOLhH bdl-CollapsibleSidebar-menuItemLabel"
              >
                bar
              </span>
            </CollapsibleSidebarMenuItem__StyledMenuItemLabel>
          </a>
        </CollapsibleSidebarMenuItem__StyledLink>
      </div>
    </CollapsibleSidebarMenuItem__StyledMenuItem>
  </Tooltip>
</CollapsibleSidebarMenuItem>
`;
