// Jest Snapshot v1, https://goo.gl/fbAQLP

exports[`elements/content-sidebar/AdditionalTabs should render the correct number of tabs 1`] = `
<div
  className="bcs-nav-additional-tabs"
>
  <AdditionalTabsLoading />
  <AdditionalTab
    callback={[MockFunction]}
    iconUrl="https://foo.com/icon"
    id={200}
    isLoading={true}
    key="200"
    onImageLoad={[Function]}
    status="ADDED"
    title="Test title"
  />
  <AdditionalTab
    callback={[MockFunction]}
    iconUrl="https://foo.com/icon"
    id={1}
    isLoading={true}
    key="1"
    onImageLoad={[Function]}
    status="ADDED"
    title="Another title"
  />
</div>
`;
