// Jest Snapshot v1, https://goo.gl/fbAQLP

exports[`elements/content-sidebar/versions/VersionsSidebarContainer render should match its snapshot 1`] = `
<VersionsSidebar
  isLoading={true}
  onDelete={[Function]}
  onDownload={[Function]}
  onPreview={[Function]}
  onPromote={[Function]}
  onRestore={[Function]}
  parentName="activity"
  versions={Array []}
/>
`;
