// Jest Snapshot v1, https://goo.gl/fbAQLP

exports[`elements/content-sidebar/ActivityFeed/comment/InlineEdit should correctly render comment 1`] = `
<div
  className="bcs-comment-edit-container"
>
  <PlainButton
    className="bcs-comment-edit"
    data-resin-target="activityfeed-inlineedit"
    onClick={[Function]}
    type="button"
  >
    <IconPencil />
  </PlainButton>
</div>
`;
