// Jest Snapshot v1, https://goo.gl/fbAQLP

exports[`icons/general/IconHide should correctly render default icon 1`] = `
<AccessibleSVG
  className="icon-hide "
  height={16}
  viewBox="0 0 16 16"
  width={16}
>
  <path
    d="M7.646 7.646L4.354 4.354a.5.5 0 0 1 0-.708l1.292-1.292a.5.5 0 0 1 .708 0l5.292 5.292a.5.5 0 0 1 0 .708l-5.292 5.292a.5.5 0 0 1-.708 0l-1.292-1.292a.5.5 0 0 1 0-.708l3.292-3.292a.5.5 0 0 0 0-.708z"
    fill="#909090"
    fillRule="nonzero"
  />
</AccessibleSVG>
`;
