// Jest Snapshot v1, https://goo.gl/fbAQLP

exports[`elements/content-sidebar/ActivityFeed/common/delete-confirmation render() should render component 1`] = `
<div
  className="bcs-DeleteConfirmation-promptMessage"
>
  <FormattedMessage
    defaultMessage="Are you sure you want to permanently delete this comment?"
    id="be.contentSidebar.activityFeed.comment.commentDeletePrompt"
  />
</div>
`;
