// Jest Snapshot v1, https://goo.gl/fbAQLP

exports[`elements/content-sidebar/ActivityFeed/app-activity/AppActivity should correctly render an app activity item 1`] = `
<ForwardRef(ActivityCard)
  className="bcs-AppActivity"
  data-resin-feature="appActivityCardtemplate_12345"
  data-resin-target="loaded"
>
  <Media
    className=""
  >
    <MediaFigure>
      <img
        alt="My Application Icon"
        className="bcs-AppActivity-icon"
        src="foo/bar/baz.jpg"
      />
    </MediaFigure>
    <MediaBody
      className="bcs-AppActivity-body"
    >
      <TetherComponent
        attachment="top right"
        className="bcs-AppActivity-confirm"
        constraints={
          Array [
            Object {
              "attachment": "together",
              "to": "scrollParent",
            },
          ]
        }
        renderElementTag="div"
        renderElementTo={null}
        targetAttachment="bottom right"
      >
        <MediaMenu
          isDisabled={false}
        >
          <MenuItem
            onClick={[Function]}
          >
            <IconTrash
              color="#4e4e4e"
            />
            <FormattedMessage
              defaultMessage="Delete"
              id="be.appActivity.deleteMenuItem"
            />
          </MenuItem>
        </MediaMenu>
      </TetherComponent>
      <figcaption
        className="bcs-AppActivity-headline"
      >
        My Application
      </figcaption>
      <div>
        <ActivityTimestamp
          date={1551989569223}
        />
      </div>
      You did something from 
      <Link
        className="bcs-AppActivity-link"
        data-resin-action="bar"
        data-resin-target="foo"
        href=""
        key="app_actvity_link_"
        rel="roreferrer noopener"
        target="_blank"
      >
        This App
      </Link>
    </MediaBody>
  </Media>
</ForwardRef(ActivityCard)>
`;
