// Jest Snapshot v1, https://goo.gl/fbAQLP

exports[`elements/content-sidebar/ActivityFeed/task-new/TaskDueDate should render the proper DOM structure 1`] = `
<TaskDueDate
  dueDate={2001-04-19T04:25:21.000Z}
  status="NOT_STARTED"
>
  <div
    data-testid="task-due-date"
  >
    <LabelPill
      data-testid="task-overdue-date"
      type="error"
    >
      <span
        className="bdl-LabelPill bdl-LabelPill--error bdl-LabelPill--sizeRegular"
        data-testid="task-overdue-date"
      >
        <LabelPillText>
          <span
            className="bdl-LabelPill-textContent"
          >
            <FormattedMessage
              defaultMessage="DUE {dateTime}"
              id="be.contentSidebar.activityFeed.taskNew.taskFeedStatusDue"
              values={
                Object {
                  "dateTime": <ActivityDatestamp
                    date={987654321000}
                    uppercase={true}
                  />,
                }
              }
            >
              <div />
            </FormattedMessage>
          </span>
        </LabelPillText>
      </span>
    </LabelPill>
  </div>
</TaskDueDate>
`;
